// Vitest Snapshot v1

exports[`js |        // focus 1`] = `
{
  "data": "",
  "focusString": "",
  "key": "focus",
}
`;

exports[`js |   // bg(1:3) #222 1`] = `
{
  "data": "#222",
  "focusString": "(1:3)",
  "key": "bg",
}
`;

exports[`js |   // box[6:9] 1`] = `
{
  "data": "",
  "focusString": "[6:9]",
  "key": "box",
}
`;

exports[`js | // focus 1`] = `
{
  "data": "",
  "focusString": "",
  "key": "focus",
}
`;

exports[`js | const x = 1 1`] = `{}`;

exports[`js | foo // bar 1`] = `{}`;

exports[`python |        # focus 1`] = `
{
  "data": "",
  "focusString": "",
  "key": "focus",
}
`;

exports[`python |   # bg(1:3) #222 1`] = `
{
  "data": "#222",
  "focusString": "(1:3)",
  "key": "bg",
}
`;

exports[`python |  # box[6:9] 1`] = `
{
  "data": "",
  "focusString": "[6:9]",
  "key": "box",
}
`;

exports[`python |  x = '#333' 1`] = `{}`;

exports[`python | # focus 1`] = `
{
  "data": "",
  "focusString": "",
  "key": "focus",
}
`;

exports[`python | foo # bar 1`] = `{}`;
